Microsoft Windows [Version 10.0.19045.4412]
(c) Microsoft Corporation. All rights reserved.

C:\Users\sureshkumar>npm install

up to date, audited 78 packages in 2s

15 packages are looking for funding
  run `npm fund` for details

found 0 vulnerabilities

C:\Users\sureshkumar>d:

D:\>cd react

D:\react>npm create vite
Need to install the following packages:
create-vite@5.3.0
Ok to proceed? (y) y
√ Project name: ... secondreactapp
√ Select a framework: » React
√ Select a variant: » JavaScript

Scaffolding project in D:\react\secondreactapp...

Done. Now run:

  cd secondreactapp
  npm install
  npm run dev


D:\react>npm install
npm ERR! code ENOENT
npm ERR! syscall open
npm ERR! path D:\react/package.json
npm ERR! errno -4058
npm ERR! enoent ENOENT: no such file or directory, open 'D:\react\package.json'
npm ERR! enoent This is related to npm not being able to find a file.
npm ERR! enoent

npm ERR! A complete log of this run can be found in: C:\Users\sureshkumar\AppData\Local\npm-cache\_logs\2024-06-27T12_26_48_416Z-debug-0.log

D:\react>cd secondreactappd
The system cannot find the path specified.

D:\react>cd secondreactapp

D:\react\secondreactapp>npm install
npm WARN deprecated inflight@1.0.6: This module is not supported, and leaks memory. Do not use it. Check out lru-cache if you want a good and tested way to coalesce async requests by a key value, which is much more comprehensive and powerful.
npm WARN deprecated rimraf@3.0.2: Rimraf versions prior to v4 are no longer supported
npm WARN deprecated @humanwhocodes/config-array@0.11.14: Use @eslint/config-array instead
npm WARN deprecated glob@7.2.3: Glob versions prior to v9 are no longer supported
npm WARN deprecated @humanwhocodes/object-schema@2.0.3: Use @eslint/object-schema instead

added 278 packages, and audited 279 packages in 1m

103 packages are looking for funding
  run `npm fund` for details

found 0 vulnerabilities

D:\react\secondreactapp>
D:\react\secondreactapp>npm dev
Unknown command: "dev"

Did you mean this?
    npm run dev # run the "dev" package script

To see a list of supported npm commands, run:
  npm help

D:\react\secondreactapp>npm run dev

> secondreactapp@0.0.0 dev
> vite


  VITE v5.3.1  ready in 570 ms

  ➜  Local:   http://localhost:5173/
  ➜  Network: use --host to expose
  ➜  press h + enter to show help
